2026-08-17 15:10:58,706 INFO o.a.j.u.JMeterUtils: Setting Locale to en_EN
2026-08-17 15:10:58,722 INFO o.a.j.JMeter: Loading user properties from: C:\Users\zalam\Downloads\apache-jmeter-5.6.3\apache-jmeter-5.6.3\bin\user.properties
2026-08-17 15:10:58,723 INFO o.a.j.JMeter: Loading system properties from: C:\Users\zalam\Downloads\apache-jmeter-5.6.3\apache-jmeter-5.6.3\bin\system.properties
2026-08-17 15:10:58,730 INFO o.a.j.JMeter: Copyright (c) 1998-2024 The Apache Software Foundation
2026-08-17 15:10:58,730 INFO o.a.j.JMeter: Version 5.6.3
2026-08-17 15:10:58,730 INFO o.a.j.JMeter: java.version=26.0.2
2026-08-17 15:10:58,730 INFO o.a.j.JMeter: java.vm.name=Java HotSpot(TM) 64-Bit Server VM
2026-08-17 15:10:58,731 INFO o.a.j.JMeter: os.name=Windows 11
2026-08-17 15:10:58,731 INFO o.a.j.JMeter: os.arch=amd64
2026-08-17 15:10:58,731 INFO o.a.j.JMeter: os.version=10.0
2026-08-17 15:10:58,731 INFO o.a.j.JMeter: file.encoding=UTF-8
2026-08-17 15:10:58,731 INFO o.a.j.JMeter: java.awt.headless=null
2026-08-17 15:10:58,731 INFO o.a.j.JMeter: Max memory     =1073741824
2026-08-17 15:10:58,731 INFO o.a.j.JMeter: Available Processors =12
2026-08-17 15:10:58,752 INFO o.a.j.JMeter: Default Locale=English (EN)
2026-08-17 15:10:58,754 INFO o.a.j.JMeter: JMeter  Locale=English (EN)
2026-08-17 15:10:58,754 INFO o.a.j.JMeter: JMeterHome=C:\Users\zalam\Downloads\apache-jmeter-5.6.3\apache-jmeter-5.6.3
2026-08-17 15:10:58,754 INFO o.a.j.JMeter: user.dir  =D:\Testing\HW5
2026-08-17 15:10:58,754 INFO o.a.j.JMeter: PWD       =D:\Testing\HW5
2026-08-17 15:10:58,754 INFO o.a.j.JMeter: IP: 192.168.1.3 Name: Bao FullName: Bao
